prism-nomtp-1	code	think=0	512 tok	73.9 tok/s	draft -
prism-nomtp-1	sql	think=0	512 tok	74.2 tok/s	draft -
prism-nomtp-1	prose	think=0	512 tok	74.4 tok/s	draft -
prism-nomtp-1	reasoning	think=0	512 tok	73.6 tok/s	draft -
prism-nomtp-1	code	think=1	512 tok	73.3 tok/s	draft -
prism-nomtp-1	reasoning	think=1	512 tok	73.3 tok/s	draft -
fork-nomtp-1	code	think=0	512 tok	73.4 tok/s	draft -
fork-nomtp-1	sql	think=0	512 tok	73.1 tok/s	draft -
fork-nomtp-1	prose	think=0	512 tok	72.6 tok/s	draft -
fork-nomtp-1	reasoning	think=0	512 tok	72.5 tok/s	draft -
fork-nomtp-1	code	think=1	512 tok	73.6 tok/s	draft -
fork-nomtp-1	reasoning	think=1	512 tok	74.4 tok/s	draft -
prism-nomtp-2	code	think=0	512 tok	73.4 tok/s	draft -
prism-nomtp-2	sql	think=0	512 tok	74 tok/s	draft -
prism-nomtp-2	prose	think=0	512 tok	73.7 tok/s	draft -
prism-nomtp-2	reasoning	think=0	512 tok	74.4 tok/s	draft -
prism-nomtp-2	code	think=1	512 tok	73 tok/s	draft -
prism-nomtp-2	reasoning	think=1	512 tok	73.9 tok/s	draft -
fork-nomtp-2	code	think=0	512 tok	74.2 tok/s	draft -
fork-nomtp-2	sql	think=0	512 tok	73.8 tok/s	draft -
fork-nomtp-2	prose	think=0	512 tok	74 tok/s	draft -
fork-nomtp-2	reasoning	think=0	512 tok	73.6 tok/s	draft -
fork-nomtp-2	code	think=1	512 tok	73.3 tok/s	draft -
fork-nomtp-2	reasoning	think=1	512 tok	70.9 tok/s	draft -
fork-mtp-1	code	think=0	512 tok	116.6 tok/s	draft 298/424 (70%)
fork-mtp-1	sql	think=0	512 tok	114.8 tok/s	draft 293/434 (68%)
fork-mtp-1	prose	think=0	512 tok	95.1 tok/s	draft 246/528 (47%)
fork-mtp-1	reasoning	think=0	512 tok	132.3 tok/s	draft 322/377 (85%)
fork-mtp-1	code	think=1	512 tok	101.2 tok/s	draft 263/494 (53%)
fork-mtp-1	reasoning	think=1	512 tok	121.8 tok/s	draft 309/403 (77%)
fork-mtp-2	code	think=0	512 tok	116.6 tok/s	draft 298/424 (70%)
fork-mtp-2	sql	think=0	512 tok	114.4 tok/s	draft 293/434 (68%)
fork-mtp-2	prose	think=0	512 tok	93.6 tok/s	draft 246/528 (47%)
fork-mtp-2	reasoning	think=0	512 tok	127.3 tok/s	draft 322/377 (85%)
fork-mtp-2	code	think=1	512 tok	98.4 tok/s	draft 263/494 (53%)
fork-mtp-2	reasoning	think=1	512 tok	119.4 tok/s	draft 309/403 (77%)
prism-mtp	server refused to start: 0.02.166.502 E llama_init_from_model: failed to initialize the context: Hadamard-latent table 'token_embd.weight' is read without the inverse transform
