prism-nomtp-3	code	think=0	512 tok	79 tok/s	draft -
prism-nomtp-3	sql	think=0	512 tok	79.5 tok/s	draft -
prism-nomtp-3	prose	think=0	512 tok	78.8 tok/s	draft -
prism-nomtp-3	reasoning	think=0	512 tok	78.3 tok/s	draft -
prism-nomtp-3	code	think=1	512 tok	77.7 tok/s	draft -
prism-nomtp-3	reasoning	think=1	512 tok	78.6 tok/s	draft -
fork-nomtp-f32-1	code	think=0	512 tok	78.4 tok/s	draft -
fork-nomtp-f32-1	sql	think=0	512 tok	78.5 tok/s	draft -
fork-nomtp-f32-1	prose	think=0	512 tok	77.8 tok/s	draft -
fork-nomtp-f32-1	reasoning	think=0	512 tok	77.9 tok/s	draft -
fork-nomtp-f32-1	code	think=1	512 tok	77.8 tok/s	draft -
fork-nomtp-f32-1	reasoning	think=1	512 tok	77.5 tok/s	draft -
prism-nomtp-4	code	think=0	512 tok	78.3 tok/s	draft -
prism-nomtp-4	sql	think=0	512 tok	78.5 tok/s	draft -
prism-nomtp-4	prose	think=0	512 tok	77.7 tok/s	draft -
prism-nomtp-4	reasoning	think=0	512 tok	78.5 tok/s	draft -
prism-nomtp-4	code	think=1	512 tok	78.2 tok/s	draft -
prism-nomtp-4	reasoning	think=1	512 tok	75.7 tok/s	draft -
fork-nomtp-f32-2	code	think=0	512 tok	74.4 tok/s	draft -
fork-nomtp-f32-2	sql	think=0	512 tok	76.3 tok/s	draft -
fork-nomtp-f32-2	prose	think=0	512 tok	76.1 tok/s	draft -
fork-nomtp-f32-2	reasoning	think=0	512 tok	76.6 tok/s	draft -
fork-nomtp-f32-2	code	think=1	512 tok	76.6 tok/s	draft -
fork-nomtp-f32-2	reasoning	think=1	512 tok	76.7 tok/s	draft -
