prism-nomtp-1	code	think=0	512 tok	73.3 tok/s	draft -
prism-nomtp-1	sql	think=0	512 tok	73.5 tok/s	draft -
prism-nomtp-1	prose	think=0	512 tok	74.5 tok/s	draft -
prism-nomtp-1	reasoning	think=0	512 tok	74.4 tok/s	draft -
prism-nomtp-1	code	think=1	512 tok	74.2 tok/s	draft -
prism-nomtp-1	reasoning	think=1	512 tok	73.9 tok/s	draft -
fork-nomtp-1	code	think=0	512 tok	71.7 tok/s	draft -
fork-nomtp-1	sql	think=0	512 tok	71.2 tok/s	draft -
fork-nomtp-1	prose	think=0	512 tok	71.3 tok/s	draft -
fork-nomtp-1	reasoning	think=0	512 tok	71.5 tok/s	draft -
fork-nomtp-1	code	think=1	512 tok	71.7 tok/s	draft -
fork-nomtp-1	reasoning	think=1	512 tok	71.1 tok/s	draft -
prism-nomtp-2	code	think=0	512 tok	76.5 tok/s	draft -
prism-nomtp-2	sql	think=0	512 tok	75.5 tok/s	draft -
prism-nomtp-2	prose	think=0	512 tok	76.5 tok/s	draft -
prism-nomtp-2	reasoning	think=0	512 tok	75.2 tok/s	draft -
prism-nomtp-2	code	think=1	512 tok	75.6 tok/s	draft -
prism-nomtp-2	reasoning	think=1	512 tok	76.3 tok/s	draft -
fork-nomtp-2	code	think=0	512 tok	71.2 tok/s	draft -
fork-nomtp-2	sql	think=0	512 tok	71.8 tok/s	draft -
fork-nomtp-2	prose	think=0	512 tok	71.5 tok/s	draft -
fork-nomtp-2	reasoning	think=0	512 tok	70.7 tok/s	draft -
fork-nomtp-2	code	think=1	512 tok	71.3 tok/s	draft -
fork-nomtp-2	reasoning	think=1	512 tok	70.9 tok/s	draft -
fork-mtp-1	code	think=0	512 tok	107.8 tok/s	draft 298/424 (70%)
fork-mtp-1	sql	think=0	512 tok	104.9 tok/s	draft 293/434 (68%)
fork-mtp-1	prose	think=0	512 tok	85.2 tok/s	draft 246/528 (47%)
fork-mtp-1	reasoning	think=0	512 tok	120.4 tok/s	draft 322/377 (85%)
fork-mtp-1	code	think=1	512 tok	93.1 tok/s	draft 263/494 (53%)
fork-mtp-1	reasoning	think=1	512 tok	113.4 tok/s	draft 309/403 (77%)
fork-mtp-2	code	think=0	512 tok	109.3 tok/s	draft 298/424 (70%)
fork-mtp-2	sql	think=0	512 tok	106.4 tok/s	draft 293/434 (68%)
fork-mtp-2	prose	think=0	512 tok	86.3 tok/s	draft 246/528 (47%)
fork-mtp-2	reasoning	think=0	512 tok	121.2 tok/s	draft 322/377 (85%)
fork-mtp-2	code	think=1	512 tok	93.7 tok/s	draft 263/494 (53%)
fork-mtp-2	reasoning	think=1	512 tok	115.6 tok/s	draft 309/403 (77%)
prism-mtp	server refused to start: 0.02.905.946 E llama_init_from_model: failed to initialize the context: Hadamard-latent table 'token_embd.weight' is read without the inverse transform
